\BOOKMARK [1][-]{section.1}{\376\377\225\356\230\230\221\315\217\360}{}% 1
\BOOKMARK [2][-]{subsection.1.1}{\376\377\225\356\230\230\200\314\146\157}{section.1}% 2
\BOOKMARK [2][-]{subsection.1.2}{\376\377\225\356\230\230\221\315\217\360}{section.1}% 3
\BOOKMARK [1][-]{section.2}{\376\377\225\356\230\230\122\006\147\220}{}% 4
\BOOKMARK [2][-]{subsection.2.1}{\376\377\225\356\230\230\0001\166\204\122\006\147\220}{section.2}% 5
\BOOKMARK [2][-]{subsection.2.2}{\376\377\225\356\230\230\0002\166\204\122\006\147\220}{section.2}% 6
\BOOKMARK [2][-]{subsection.2.3}{\376\377\225\356\230\230\0003\166\204\122\006\147\220}{section.2}% 7
\BOOKMARK [1][-]{section.3}{\376\377\152\041\127\213\120\107\213\276}{}% 8
\BOOKMARK [1][-]{section.4}{\376\377\173\046\123\367\213\364\146\016}{}% 9
\BOOKMARK [1][-]{section.5}{\376\377\152\041\127\213\166\204\136\372\172\313\116\016\154\102\211\343}{}% 10
\BOOKMARK [2][-]{subsection.5.1}{\376\377\136\372\152\041\140\073\215\357\176\277\377\032\116\316\145\207\133\127\122\060\121\154\137\017}{section.5}% 11
\BOOKMARK [2][-]{subsection.5.2}{\376\377\225\356\230\230\0001\152\041\127\213\166\204\136\372\172\313\116\016\154\102\211\343}{section.5}% 12
\BOOKMARK [3][-]{subsubsection.5.2.1}{\376\377\152\041\127\213\166\204\136\372\172\313}{subsection.5.2}% 13
\BOOKMARK [3][-]{subsubsection.5.2.2}{\376\377\160\330\142\077\145\366\123\330\217\271\165\114\121\375\145\160}{subsection.5.2}% 14
\BOOKMARK [3][-]{subsubsection.5.2.3}{\376\377\203\157\147\120\121\205\220\350\156\051\136\246\127\072\152\041\127\213}{subsection.5.2}% 15
\BOOKMARK [3][-]{subsubsection.5.2.4}{\376\377\203\157\147\120\121\205\220\350\154\064\122\006\127\072\152\041\127\213}{subsection.5.2}% 16
\BOOKMARK [3][-]{subsubsection.5.2.5}{\376\377\122\035\131\313\147\141\116\366\116\016\217\271\165\114\147\141\116\366}{subsection.5.2}% 17
\BOOKMARK [1][-]{section.6}{\376\377\131\202\117\125\122\066\220\040\167\037\153\143\166\204\040\034\116\256\160\271\040\035\377\014\200\014\116\015\146\057\130\006\173\227\154\325}{}% 18
\BOOKMARK [2][-]{subsection.6.1}{\376\377\116\000\116\052\137\210\133\236\165\050\166\204\122\033\145\260\121\154\137\017}{section.6}% 19
\BOOKMARK [1][-]{section.7}{\376\377\123\302\200\003\145\207\163\056}{}% 20
\BOOKMARK [1][-]{appendix.A}{\376\377\145\057\144\221\147\120\145\231\122\027\210\150}{}% 21
\BOOKMARK [1][-]{appendix.B}{\376\377\000A\000I\135\345\121\167\117\177\165\050\213\346\140\305\213\364\146\016}{}% 22
\BOOKMARK [1][-]{appendix.C}{\376\377\156\220\172\013\136\217}{}% 23
\BOOKMARK [1][-]{appendix.D}{\376\377\147\000\176\310\116\244\172\077\377\032\0003\0000\122\006\224\237\040\034\176\242\176\277\150\300\147\345\040\035}{}% 24
\BOOKMARK [1][-]{appendix.E}{\376\377\127\371\213\255\140\073\176\323\377\032\142\212\213\272\145\207\121\231\142\020\116\000\147\141\133\214\145\164\166\204\213\301\143\156\224\376}{}% 25
