\BOOKMARK [1][-]{section.1}{\376\377\152\041\127\213\120\107\213\276}{}% 1
\BOOKMARK [1][-]{section.2}{\376\377\173\046\123\367\213\364\146\016}{}% 2
\BOOKMARK [1][-]{section.3}{\376\377\152\041\127\213\166\204\136\372\172\313\116\016\154\102\211\343}{}% 3
\BOOKMARK [2][-]{subsection.3.1}{\376\377\225\356\230\230\116\000\152\041\127\213\166\204\136\372\172\313\116\016\154\102\211\343}{section.3}% 4
\BOOKMARK [3][-]{subsubsection.3.1.1}{\376\377\116\000\176\364\217\164\133\371\171\360\117\040\160\355\117\040\215\050\152\041\127\213\166\204\136\372\172\313}{subsection.3.1}% 5
\BOOKMARK [3][-]{subsubsection.3.1.2}{\376\377\160\330\142\077\145\366\123\330\217\271\165\114\121\375\145\160}{subsection.3.1}% 6
\BOOKMARK [3][-]{subsubsection.3.1.3}{\376\377\156\051\136\246\127\072\143\247\122\066\145\271\172\013}{subsection.3.1}% 7
\BOOKMARK [3][-]{subsubsection.3.1.4}{\376\377\154\064\122\006\155\123\136\246\127\072\143\247\122\066\145\271\172\013}{subsection.3.1}% 8
\BOOKMARK [3][-]{subsubsection.3.1.5}{\376\377\122\035\131\313\147\141\116\366\116\016\217\271\165\114\147\141\116\366}{subsection.3.1}% 9
\BOOKMARK [3][-]{subsubsection.3.1.6}{\376\377\127\372\116\216\147\011\226\120\117\123\171\357\154\325\166\204\152\041\127\213\171\273\145\143}{subsection.3.1}% 10
\BOOKMARK [3][-]{subsubsection.3.1.7}{\376\377\227\136\176\277\140\047\217\355\116\343\116\016\145\271\172\013\176\304\154\102\211\343}{subsection.3.1}% 11
\BOOKMARK [3][-]{subsubsection.3.1.8}{\376\377\217\223\121\372\116\016\145\160\120\074\174\276\136\246\143\247\122\066}{subsection.3.1}% 12
\BOOKMARK [3][-]{subsubsection.3.1.9}{\376\377\145\160\133\146\152\041\127\213\154\102\211\343\176\323\147\234}{subsection.3.1}% 13
\BOOKMARK [3][-]{subsubsection.3.1.10}{\376\377\176\323\147\234\116\016\122\006\147\220}{subsection.3.1}% 14
\BOOKMARK [2][-]{subsection.3.2}{\376\377\225\356\230\230\116\214\152\041\127\213\166\204\136\372\172\313\116\016\154\102\211\343}{section.3}% 15
\BOOKMARK [3][-]{subsubsection.3.2.1}{\376\377\152\041\127\213\176\347\142\177\116\016\225\356\230\230\116\214\166\204\123\330\221\317\162\151\140\047}{subsection.3.2}% 16
\BOOKMARK [3][-]{subsubsection.3.2.2}{\376\377\116\044\226\066\153\265\217\307\172\013\166\204\176\337\116\000\210\150\171\072}{subsection.3.2}% 17
\BOOKMARK [3][-]{subsubsection.3.2.3}{\376\377\143\247\122\066\145\271\172\013\060\001\122\035\131\313\147\141\116\366\116\016\217\271\165\114\147\141\116\366}{subsection.3.2}% 18
\BOOKMARK [3][-]{subsubsection.3.2.4}{\376\377\152\041\127\213\166\204\154\102\211\343}{subsection.3.2}% 19
\BOOKMARK [3][-]{subsubsection.3.2.5}{\376\377\176\323\147\234\116\016\122\006\147\220}{subsection.3.2}% 20
\BOOKMARK [2][-]{subsection.3.3}{\376\377\225\356\230\230\0003\152\041\127\213\166\204\136\372\172\313\116\016\154\102\211\343}{section.3}% 21
\BOOKMARK [3][-]{subsubsection.3.3.1}{\376\377\121\150\127\337\136\162\161\345\122\044\143\156\166\204\136\372\172\313}{subsection.3.3}% 22
\BOOKMARK [3][-]{subsubsection.3.3.2}{\376\377\152\041\127\213\166\204\145\160\120\074\154\102\211\343}{subsection.3.3}% 23
\BOOKMARK [3][-]{subsubsection.3.3.3}{\376\377\176\323\147\234\116\016\122\006\147\220}{subsection.3.3}% 24
\BOOKMARK [2][-]{subsection.3.4}{\376\377\225\356\230\230\0004\152\041\127\213\166\204\136\372\172\313\116\016\154\102\211\343}{section.3}% 25
\BOOKMARK [3][-]{subsubsection.3.4.1}{\376\377\145\066\177\051\217\271\165\114\116\016\162\151\140\047\121\163\174\373}{subsection.3.4}% 26
\BOOKMARK [3][-]{subsubsection.3.4.2}{\376\377\171\373\122\250\123\072\127\337\166\204\127\120\150\007\123\330\143\142}{subsection.3.4}% 27
\BOOKMARK [3][-]{subsubsection.3.4.3}{\376\377\152\041\127\213\166\204\145\160\120\074\154\102\211\343}{subsection.3.4}% 28
\BOOKMARK [3][-]{subsubsection.3.4.4}{\376\377\176\323\147\234\116\016\122\006\147\220}{subsection.3.4}% 29
\BOOKMARK [3][-]{subsubsection.3.4.5}{\376\377\145\160\120\074\174\276\136\246\150\300\232\214}{subsection.3.4}% 30
\BOOKMARK [1][-]{section.4}{\376\377\116\377\167\037\232\214\213\301}{}% 31
\BOOKMARK [2][-]{subsection.4.1}{\376\377\116\044\171\315\162\354\172\313\145\271\154\325\166\204\131\015\173\227\133\371\153\324}{section.4}% 32
\BOOKMARK [2][-]{subsection.4.2}{\376\377\136\070\145\160\142\151\145\143\174\373\145\160\166\204\211\343\147\220\211\343\133\371\161\147}{section.4}% 33
\BOOKMARK [2][-]{subsection.4.3}{\376\377\177\121\150\074\116\016\145\366\225\364\153\145\145\066\145\133\140\047}{section.4}% 34
\BOOKMARK [2][-]{subsection.4.4}{\376\377\171\357\122\006\133\210\140\122\140\122\173\111\137\017\150\300\232\214}{section.4}% 35
\BOOKMARK [2][-]{subsection.4.5}{\376\377\133\232\140\047\150\300\232\214\116\016\213\357\135\356\122\006\147\220}{section.4}% 36
\BOOKMARK [1][-]{section.5}{\376\377\234\201\150\322\140\047\150\300\232\214\116\016\160\165\145\117\136\246\122\006\147\220}{}% 37
\BOOKMARK [2][-]{subsection.5.1}{\376\377\150\300\232\214\213\276\213\241}{section.5}% 38
\BOOKMARK [2][-]{subsection.5.2}{\376\377\160\165\145\117\136\246\213\241\173\227\176\323\147\234}{section.5}% 39
\BOOKMARK [2][-]{subsection.5.3}{\376\377\145\160\120\074\234\201\150\322\140\047\116\016\120\107\213\276\145\076\133\275}{section.5}% 40
\BOOKMARK [3][-]{subsubsection.5.3.1}{\376\377\145\160\120\074\234\201\150\322\140\047}{subsection.5.3}% 41
\BOOKMARK [3][-]{subsubsection.5.3.2}{\376\377\120\107\213\276\145\076\133\275\166\204\137\161\124\315}{subsection.5.3}% 42
\BOOKMARK [1][-]{section.6}{\376\377\152\041\127\213\166\204\213\304\116\367\116\016\143\250\136\177}{}% 43
\BOOKMARK [2][-]{subsection.6.1}{\376\377\152\041\127\213\166\204\117\030\160\271}{section.6}% 44
\BOOKMARK [2][-]{subsection.6.2}{\376\377\152\041\127\213\166\204\177\072\160\271\116\016\134\100\226\120}{section.6}% 45
\BOOKMARK [2][-]{subsection.6.3}{\376\377\152\041\127\213\166\204\143\250\136\177}{section.6}% 46
\BOOKMARK [1][-]{section.7}{\376\377\123\302\200\003\145\207\163\056}{}% 47
\BOOKMARK [1][-]{appendix.A}{\376\377\145\057\144\221\147\120\145\231\122\027\210\150}{}% 48
\BOOKMARK [1][-]{appendix.B}{\376\377\000C\000O\000M\000S\000O\000L\000\040\116\377\167\037\213\276\177\156\377\010\116\377\167\037\226\104\137\125\377\011}{}% 49
\BOOKMARK [1][-]{appendix.C}{\376\377\156\220\172\013\136\217}{}% 50
