\BOOKMARK [1][-]{section.1}{\376\377\225\356\230\230\221\315\217\360}{}% 1
\BOOKMARK [2][-]{subsection.1.1}{\376\377\225\356\230\230\200\314\146\157}{section.1}% 2
\BOOKMARK [2][-]{subsection.1.2}{\376\377\225\356\230\230\221\315\217\360}{section.1}% 3
\BOOKMARK [1][-]{section.2}{\376\377\225\356\230\230\122\006\147\220}{}% 4
\BOOKMARK [2][-]{subsection.2.1}{\376\377\140\073\117\123\122\006\147\220\140\035\215\357}{section.2}% 5
\BOOKMARK [2][-]{subsection.2.2}{\376\377\225\356\230\230\116\000\166\204\122\006\147\220}{section.2}% 6
\BOOKMARK [2][-]{subsection.2.3}{\376\377\225\356\230\230\116\214\166\204\122\006\147\220}{section.2}% 7
\BOOKMARK [2][-]{subsection.2.4}{\376\377\225\356\230\230\116\011\166\204\122\006\147\220}{section.2}% 8
\BOOKMARK [2][-]{subsection.2.5}{\376\377\225\356\230\230\126\333\166\204\122\006\147\220}{section.2}% 9
\BOOKMARK [1][-]{section.3}{\376\377\152\041\127\213\120\107\213\276}{}% 10
\BOOKMARK [1][-]{section.4}{\376\377\173\046\123\367\213\364\146\016}{}% 11
\BOOKMARK [1][-]{section.5}{\376\377\152\041\127\213\144\055\136\372}{}% 12
\BOOKMARK [2][-]{subsection.5.1}{\376\377\136\372\152\041\140\073\215\357\176\277}{section.5}% 13
\BOOKMARK [2][-]{subsection.5.2}{\376\377\121\154\121\161\162\151\164\006\152\041\127\213}{section.5}% 14
\BOOKMARK [2][-]{subsection.5.3}{\376\377\225\356\230\230\116\000\166\204\152\041\127\213}{section.5}% 15
\BOOKMARK [2][-]{subsection.5.4}{\376\377\225\356\230\230\116\214\166\204\152\041\127\213}{section.5}% 16
\BOOKMARK [2][-]{subsection.5.5}{\376\377\225\356\230\230\116\011\166\204\152\041\127\213}{section.5}% 17
\BOOKMARK [2][-]{subsection.5.6}{\376\377\225\356\230\230\126\333\166\204\152\041\127\213}{section.5}% 18
\BOOKMARK [2][-]{subsection.5.7}{\376\377\152\041\127\213\154\107\140\073}{section.5}% 19
\BOOKMARK [1][-]{section.6}{\376\377\152\041\127\213\154\102\211\343}{}% 20
\BOOKMARK [2][-]{subsection.6.1}{\376\377\154\102\211\343\140\073\117\123\145\271\150\110}{section.6}% 21
\BOOKMARK [2][-]{subsection.6.2}{\376\377\225\356\230\230\116\000\166\204\201\352\116\073\145\160\120\074\154\102\211\343}{section.6}% 22
\BOOKMARK [2][-]{subsection.6.3}{\376\377\172\172\225\364\171\273\145\143}{section.6}% 23
